I'm sorry, but errors were detected in your script. Please correct the
errors listed below, and try again.


File "game/script.rpy", line 24: expected statement.
    config.default_music_volume = 0.6
                                ^

Ren'Py Version: Ren'Py 7.3.5.606
Sun Feb 02 16:25:44 2020
